// Jest Snapshot v1, https://goo.gl/fbAQLP

exports[`LiftListContainer should render 1`] = `
<div
  className="LiftListContainer"
>
  <LiftForm
    addLift={[Function]}
  />
  <LiftList />
</div>
`;
